2026-03-05 13:40:22 [INFO] com.paradigmas.App - Starting App using Java 20.0.2 with PID 91947 (/Users/andreidiazrosario/Documents/School/Paradigmas/Aspectos/aspectos/target/classes started by andreidiazrosario in /Users/andreidiazrosario/Documents/School/Paradigmas/Aspectos/aspectos)
2026-03-05 13:40:22 [INFO] com.paradigmas.App - No active profile set, falling back to 1 default profile: "default"
2026-03-05 13:40:22 [INFO] o.s.b.w.e.t.TomcatWebServer - Tomcat initialized with port 8080 (http)
2026-03-05 13:40:22 [INFO] o.a.c.c.StandardService - Starting service [Tomcat]
2026-03-05 13:40:22 [INFO] o.a.c.c.StandardEngine - Starting Servlet engine: [Apache Tomcat/10.1.36]
2026-03-05 13:40:22 [INFO] o.a.c.c.C.[.[.[/] - Initializing Spring embedded WebApplicationContext
2026-03-05 13:40:22 [INFO] o.s.b.w.s.c.ServletWebServerApplicationContext - Root WebApplicationContext: initialization completed in 86 ms
2026-03-05 13:40:22 [INFO] o.s.b.d.a.OptionalLiveReloadServer - LiveReload server is running on port 35729
2026-03-05 13:40:22 [INFO] o.s.b.w.e.t.TomcatWebServer - Tomcat started on port 8080 (http) with context path '/'
2026-03-05 13:40:22 [INFO] com.paradigmas.App - Started App in 0.185 seconds (process running for 865.388)
2026-03-05 13:40:22 [INFO] c.p.a.LoggingAspect - -> [@Around]: Iniciando cronómetro...
2026-03-05 13:40:22 [INFO] c.p.a.LoggingAspect - -> [@Before]: Intentando ejecutar: comprarProducto
2026-03-05 13:40:22 [INFO] c.p.a.LoggingAspect -    Argumentos: [Laptop, 1]
2026-03-05 13:40:22 [INFO] c.p.a.LoggingAspect - -> [@AfterReturning]: ✔ ÉXITO - Respuesta: Éxito: Se compraron 1 unidades de Laptop
2026-03-05 13:40:22 [INFO] c.p.a.LoggingAspect - -> [@After]: Limpiando recursos o cerrando logs...
2026-03-05 13:40:22 [INFO] c.p.a.LoggingAspect - -> [@Around]: Tiempo total de ejecución: 507ms
2026-03-05 13:40:22 [INFO] c.p.a.LoggingAspect - -> [@Around]: Iniciando cronómetro...
2026-03-05 13:40:22 [INFO] c.p.a.LoggingAspect - -> [@Before]: Intentando ejecutar: comprarProducto
2026-03-05 13:40:22 [INFO] c.p.a.LoggingAspect -    Argumentos: [Smartphone, 0]
2026-03-05 13:40:23 [ERROR] c.p.a.LoggingAspect - -> [@AfterThrowing]: ✘ ERROR DETECTADO - Mensaje: La cantidad debe ser mayor a cero
2026-03-05 13:40:23 [INFO] c.p.a.LoggingAspect - -> [@After]: Limpiando recursos o cerrando logs...
2026-03-05 13:40:23 [INFO] o.s.b.d.a.ConditionEvaluationDeltaLoggingListener - Condition evaluation unchanged
2026-03-05 13:41:05 [INFO] o.s.b.w.e.t.GracefulShutdown - Commencing graceful shutdown. Waiting for active requests to complete
2026-03-05 13:41:05 [INFO] o.s.b.w.e.t.GracefulShutdown - Graceful shutdown complete
2026-03-05 13:41:09 [INFO] com.paradigmas.App - Starting App using Java 20.0.2 with PID 93163 (/Users/andreidiazrosario/Documents/School/Paradigmas/Aspectos/aspectos/target/classes started by andreidiazrosario in /Users/andreidiazrosario/Documents/School/Paradigmas/Aspectos/aspectos)
2026-03-05 13:41:09 [INFO] com.paradigmas.App - No active profile set, falling back to 1 default profile: "default"
2026-03-05 13:41:09 [INFO] o.s.b.d.e.DevToolsPropertyDefaultsPostProcessor - Devtools property defaults active! Set 'spring.devtools.add-properties' to 'false' to disable
2026-03-05 13:41:09 [INFO] o.s.b.d.e.DevToolsPropertyDefaultsPostProcessor - For additional web related logging consider setting the 'logging.level.web' property to 'DEBUG'
2026-03-05 13:41:10 [INFO] o.s.b.w.e.t.TomcatWebServer - Tomcat initialized with port 8080 (http)
2026-03-05 13:41:10 [INFO] o.a.c.c.StandardService - Starting service [Tomcat]
2026-03-05 13:41:10 [INFO] o.a.c.c.StandardEngine - Starting Servlet engine: [Apache Tomcat/10.1.36]
2026-03-05 13:41:10 [INFO] o.a.c.c.C.[.[.[/] - Initializing Spring embedded WebApplicationContext
2026-03-05 13:41:10 [INFO] o.s.b.w.s.c.ServletWebServerApplicationContext - Root WebApplicationContext: initialization completed in 554 ms
2026-03-05 13:41:10 [INFO] o.s.b.d.a.OptionalLiveReloadServer - LiveReload server is running on port 35729
2026-03-05 13:41:10 [INFO] o.s.b.w.e.t.TomcatWebServer - Tomcat started on port 8080 (http) with context path '/'
2026-03-05 13:41:10 [INFO] com.paradigmas.App - Started App in 1.065 seconds (process running for 1.291)
2026-03-05 13:41:10 [INFO] c.p.a.LoggingAspect - -> [@Around]: Iniciando cronómetro...
2026-03-05 13:41:10 [INFO] c.p.a.LoggingAspect - -> [@Before]: Intentando ejecutar: comprarProducto
2026-03-05 13:41:10 [INFO] c.p.a.LoggingAspect -    Argumentos: [Laptop, 1]
2026-03-05 13:41:11 [INFO] c.p.a.LoggingAspect - -> [@AfterReturning]: ✔ ÉXITO - Respuesta: Éxito: Se compraron 1 unidades de Laptop
2026-03-05 13:41:11 [INFO] c.p.a.LoggingAspect - -> [@After]: Limpiando recursos o cerrando logs...
2026-03-05 13:41:11 [INFO] c.p.a.LoggingAspect - -> [@Around]: Tiempo total de ejecución: 512ms
2026-03-05 13:41:11 [INFO] c.p.a.LoggingAspect - -> [@Around]: Iniciando cronómetro...
2026-03-05 13:41:11 [INFO] c.p.a.LoggingAspect - -> [@Before]: Intentando ejecutar: comprarProducto
2026-03-05 13:41:11 [INFO] c.p.a.LoggingAspect -    Argumentos: [Smartphone, 0]
2026-03-05 13:41:11 [ERROR] c.p.a.LoggingAspect - -> [@AfterThrowing]: ✘ ERROR DETECTADO - Mensaje: La cantidad debe ser mayor a cero
2026-03-05 13:41:11 [INFO] c.p.a.LoggingAspect - -> [@After]: Limpiando recursos o cerrando logs...
2026-03-05 13:44:19 [INFO] o.s.b.d.a.LocalDevToolsAutoConfiguration$RestartingClassPathChangeChangedEventListener - Restarting due to 1 class path change (1 addition, 0 deletions, 0 modifications)
2026-03-05 13:44:19 [INFO] o.s.b.w.e.t.GracefulShutdown - Commencing graceful shutdown. Waiting for active requests to complete
2026-03-05 13:44:19 [INFO] o.s.b.w.e.t.GracefulShutdown - Graceful shutdown complete
2026-03-05 13:44:19 [INFO] com.paradigmas.App - Starting App using Java 20.0.2 with PID 93163 (/Users/andreidiazrosario/Documents/School/Paradigmas/Aspectos/aspectos/target/classes started by andreidiazrosario in /Users/andreidiazrosario/Documents/School/Paradigmas/Aspectos/aspectos)
2026-03-05 13:44:19 [INFO] com.paradigmas.App - No active profile set, falling back to 1 default profile: "default"
2026-03-05 13:44:20 [INFO] o.s.b.w.e.t.TomcatWebServer - Tomcat initialized with port 8080 (http)
2026-03-05 13:44:20 [INFO] o.a.c.c.StandardService - Starting service [Tomcat]
2026-03-05 13:44:20 [INFO] o.a.c.c.StandardEngine - Starting Servlet engine: [Apache Tomcat/10.1.36]
2026-03-05 13:44:20 [INFO] o.a.c.c.C.[.[.[/] - Initializing Spring embedded WebApplicationContext
2026-03-05 13:44:20 [INFO] o.s.b.w.s.c.ServletWebServerApplicationContext - Root WebApplicationContext: initialization completed in 117 ms
2026-03-05 13:44:20 [WARN] o.s.b.w.s.c.AnnotationConfigServletWebServerApplicationContext - Exception encountered during context initialization - cancelling refresh attempt: org.springframework.beans.factory.BeanCreationException: Error creating bean with name 'authController' defined in file [/Users/andreidiazrosario/Documents/School/Paradigmas/Aspectos/aspectos/target/classes/com/paradigmas/controller/AuthController.class]: Failed to instantiate [com.paradigmas.controller.AuthController]: Constructor threw exception
2026-03-05 13:44:20 [INFO] o.a.c.c.StandardService - Stopping service [Tomcat]
2026-03-05 13:44:20 [INFO] o.s.b.a.l.ConditionEvaluationReportLogger - 

Error starting ApplicationContext. To display the condition evaluation report re-run your application with 'debug' enabled.
2026-03-05 13:44:20 [ERROR] o.s.b.SpringApplication - Application run failed
org.springframework.beans.factory.BeanCreationException: Error creating bean with name 'authController' defined in file [/Users/andreidiazrosario/Documents/School/Paradigmas/Aspectos/aspectos/target/classes/com/paradigmas/controller/AuthController.class]: Failed to instantiate [com.paradigmas.controller.AuthController]: Constructor threw exception
	at org.springframework.beans.factory.support.AbstractAutowireCapableBeanFactory.instantiateBean(AbstractAutowireCapableBeanFactory.java:1343) ~[spring-beans-6.2.3.jar:6.2.3]
	at org.springframework.beans.factory.support.AbstractAutowireCapableBeanFactory.createBeanInstance(AbstractAutowireCapableBeanFactory.java:1228) ~[spring-beans-6.2.3.jar:6.2.3]
	at org.springframework.beans.factory.support.AbstractAutowireCapableBeanFactory.doCreateBean(AbstractAutowireCapableBeanFactory.java:563) ~[spring-beans-6.2.3.jar:6.2.3]
	at org.springframework.beans.factory.support.AbstractAutowireCapableBeanFactory.createBean(AbstractAutowireCapableBeanFactory.java:523) ~[spring-beans-6.2.3.jar:6.2.3]
	at org.springframework.beans.factory.support.AbstractBeanFactory.lambda$doGetBean$0(AbstractBeanFactory.java:339) ~[spring-beans-6.2.3.jar:6.2.3]
	at org.springframework.beans.factory.support.DefaultSingletonBeanRegistry.getSingleton(DefaultSingletonBeanRegistry.java:346) ~[spring-beans-6.2.3.jar:6.2.3]
	at org.springframework.beans.factory.support.AbstractBeanFactory.doGetBean(AbstractBeanFactory.java:337) ~[spring-beans-6.2.3.jar:6.2.3]
	at org.springframework.beans.factory.support.AbstractBeanFactory.getBean(AbstractBeanFactory.java:202) ~[spring-beans-6.2.3.jar:6.2.3]
	at org.springframework.beans.factory.support.DefaultListableBeanFactory.instantiateSingleton(DefaultListableBeanFactory.java:1155) ~[spring-beans-6.2.3.jar:6.2.3]
	at org.springframework.beans.factory.support.DefaultListableBeanFactory.preInstantiateSingleton(DefaultListableBeanFactory.java:1121) ~[spring-beans-6.2.3.jar:6.2.3]
	at org.springframework.beans.factory.support.DefaultListableBeanFactory.preInstantiateSingletons(DefaultListableBeanFactory.java:1056) ~[spring-beans-6.2.3.jar:6.2.3]
	at org.springframework.context.support.AbstractApplicationContext.finishBeanFactoryInitialization(AbstractApplicationContext.java:987) ~[spring-context-6.2.3.jar:6.2.3]
	at org.springframework.context.support.AbstractApplicationContext.refresh(AbstractApplicationContext.java:627) ~[spring-context-6.2.3.jar:6.2.3]
	at org.springframework.boot.web.servlet.context.ServletWebServerApplicationContext.refresh(ServletWebServerApplicationContext.java:146) ~[spring-boot-3.4.3.jar:3.4.3]
	at org.springframework.boot.SpringApplication.refresh(SpringApplication.java:752) ~[spring-boot-3.4.3.jar:3.4.3]
	at org.springframework.boot.SpringApplication.refreshContext(SpringApplication.java:439) ~[spring-boot-3.4.3.jar:3.4.3]
	at org.springframework.boot.SpringApplication.run(SpringApplication.java:318) ~[spring-boot-3.4.3.jar:3.4.3]
	at org.springframework.boot.SpringApplication.run(SpringApplication.java:1361) ~[spring-boot-3.4.3.jar:3.4.3]
	at org.springframework.boot.SpringApplication.run(SpringApplication.java:1350) ~[spring-boot-3.4.3.jar:3.4.3]
	at com.paradigmas.App.main(App.java:16) ~[classes/:na]
	at java.base/jdk.internal.reflect.DirectMethodHandleAccessor.invoke(DirectMethodHandleAccessor.java:104) ~[na:na]
	at java.base/java.lang.reflect.Method.invoke(Method.java:578) ~[na:na]
	at org.springframework.boot.devtools.restart.RestartLauncher.run(RestartLauncher.java:50) ~[spring-boot-devtools-3.4.3.jar:3.4.3]
Caused by: org.springframework.beans.BeanInstantiationException: Failed to instantiate [com.paradigmas.controller.AuthController]: Constructor threw exception
	at org.springframework.beans.BeanUtils.instantiateClass(BeanUtils.java:222) ~[spring-beans-6.2.3.jar:6.2.3]
	at org.springframework.beans.factory.support.SimpleInstantiationStrategy.instantiate(SimpleInstantiationStrategy.java:122) ~[spring-beans-6.2.3.jar:6.2.3]
	at org.springframework.beans.factory.support.AbstractAutowireCapableBeanFactory.instantiateBean(AbstractAutowireCapableBeanFactory.java:1337) ~[spring-beans-6.2.3.jar:6.2.3]
	... 22 common frames omitted
Caused by: java.lang.Error: Unresolved compilation problems: 
	The import com.paradigmas.service.AuthService cannot be resolved
	AuthService cannot be resolved to a type
	AuthService cannot be resolved to a type

	at com.paradigmas.controller.AuthController.<init>(AuthController.java:3) ~[classes/:na]
	at java.base/jdk.internal.reflect.DirectConstructorHandleAccessor.newInstance(DirectConstructorHandleAccessor.java:67) ~[na:na]
	at java.base/java.lang.reflect.Constructor.newInstanceWithCaller(Constructor.java:500) ~[na:na]
	at java.base/java.lang.reflect.Constructor.newInstance(Constructor.java:484) ~[na:na]
	at org.springframework.beans.BeanUtils.instantiateClass(BeanUtils.java:196) ~[spring-beans-6.2.3.jar:6.2.3]
	... 24 common frames omitted
2026-03-05 13:44:32 [INFO] com.paradigmas.App - Starting App using Java 20.0.2 with PID 93163 (/Users/andreidiazrosario/Documents/School/Paradigmas/Aspectos/aspectos/target/classes started by andreidiazrosario in /Users/andreidiazrosario/Documents/School/Paradigmas/Aspectos/aspectos)
2026-03-05 13:44:32 [INFO] com.paradigmas.App - No active profile set, falling back to 1 default profile: "default"
2026-03-05 13:44:32 [INFO] o.s.b.w.e.t.TomcatWebServer - Tomcat initialized with port 8080 (http)
2026-03-05 13:44:32 [INFO] o.a.c.c.StandardService - Starting service [Tomcat]
2026-03-05 13:44:32 [INFO] o.a.c.c.StandardEngine - Starting Servlet engine: [Apache Tomcat/10.1.36]
2026-03-05 13:44:32 [INFO] o.a.c.c.C.[.[.[/] - Initializing Spring embedded WebApplicationContext
2026-03-05 13:44:32 [INFO] o.s.b.w.s.c.ServletWebServerApplicationContext - Root WebApplicationContext: initialization completed in 105 ms
2026-03-05 13:44:32 [INFO] o.s.b.d.a.OptionalLiveReloadServer - LiveReload server is running on port 35729
2026-03-05 13:44:32 [INFO] o.s.b.w.e.t.TomcatWebServer - Tomcat started on port 8080 (http) with context path '/'
2026-03-05 13:44:32 [INFO] com.paradigmas.App - Started App in 0.2 seconds (process running for 203.341)
2026-03-05 13:44:32 [INFO] c.p.a.LoggingAspect - -> [@Around]: Iniciando cronómetro...
2026-03-05 13:44:32 [INFO] c.p.a.LoggingAspect - -> [@Before]: Intentando ejecutar: comprarProducto
2026-03-05 13:44:32 [INFO] c.p.a.LoggingAspect -    Argumentos: [Laptop, 1]
2026-03-05 13:44:33 [INFO] c.p.a.LoggingAspect - -> [@AfterReturning]: ✔ ÉXITO - Respuesta: Éxito: Se compraron 1 unidades de Laptop
2026-03-05 13:44:33 [INFO] c.p.a.LoggingAspect - -> [@After]: Limpiando recursos o cerrando logs...
2026-03-05 13:44:33 [INFO] c.p.a.LoggingAspect - -> [@Around]: Tiempo total de ejecución: 506ms
2026-03-05 13:44:33 [INFO] c.p.a.LoggingAspect - -> [@Around]: Iniciando cronómetro...
2026-03-05 13:44:33 [INFO] c.p.a.LoggingAspect - -> [@Before]: Intentando ejecutar: comprarProducto
2026-03-05 13:44:33 [INFO] c.p.a.LoggingAspect -    Argumentos: [Smartphone, 0]
2026-03-05 13:44:33 [ERROR] c.p.a.LoggingAspect - -> [@AfterThrowing]: ✘ ERROR DETECTADO - Mensaje: La cantidad debe ser mayor a cero
2026-03-05 13:44:33 [INFO] c.p.a.LoggingAspect - -> [@After]: Limpiando recursos o cerrando logs...
2026-03-05 13:44:33 [INFO] o.s.b.d.a.ConditionEvaluationDeltaLoggingListener - Condition evaluation unchanged
2026-03-05 13:44:47 [INFO] o.s.b.d.a.LocalDevToolsAutoConfiguration$RestartingClassPathChangeChangedEventListener - Restarting due to 1 class path change (1 addition, 0 deletions, 0 modifications)
2026-03-05 13:44:47 [INFO] o.s.b.w.e.t.GracefulShutdown - Commencing graceful shutdown. Waiting for active requests to complete
2026-03-05 13:44:47 [INFO] o.s.b.w.e.t.GracefulShutdown - Graceful shutdown complete
2026-03-05 13:44:47 [INFO] com.paradigmas.App - Starting App using Java 20.0.2 with PID 93163 (/Users/andreidiazrosario/Documents/School/Paradigmas/Aspectos/aspectos/target/classes started by andreidiazrosario in /Users/andreidiazrosario/Documents/School/Paradigmas/Aspectos/aspectos)
2026-03-05 13:44:47 [INFO] com.paradigmas.App - No active profile set, falling back to 1 default profile: "default"
2026-03-05 13:44:47 [INFO] o.s.b.w.e.t.TomcatWebServer - Tomcat initialized with port 8080 (http)
2026-03-05 13:44:47 [INFO] o.a.c.c.StandardService - Starting service [Tomcat]
2026-03-05 13:44:47 [INFO] o.a.c.c.StandardEngine - Starting Servlet engine: [Apache Tomcat/10.1.36]
2026-03-05 13:44:47 [INFO] o.a.c.c.C.[.[.[/] - Initializing Spring embedded WebApplicationContext
2026-03-05 13:44:47 [INFO] o.s.b.w.s.c.ServletWebServerApplicationContext - Root WebApplicationContext: initialization completed in 113 ms
2026-03-05 13:44:47 [INFO] o.s.b.d.a.OptionalLiveReloadServer - LiveReload server is running on port 35729
2026-03-05 13:44:47 [INFO] o.s.b.w.e.t.TomcatWebServer - Tomcat started on port 8080 (http) with context path '/'
2026-03-05 13:44:47 [INFO] com.paradigmas.App - Started App in 0.255 seconds (process running for 218.152)
2026-03-05 13:44:47 [INFO] c.p.a.LoggingAspect - -> [@Around]: Iniciando cronómetro...
2026-03-05 13:44:47 [INFO] c.p.a.LoggingAspect - -> [@Before]: Intentando ejecutar: comprarProducto
2026-03-05 13:44:47 [INFO] c.p.a.LoggingAspect -    Argumentos: [Laptop, 1]
2026-03-05 13:44:48 [INFO] c.p.a.LoggingAspect - -> [@AfterReturning]: ✔ ÉXITO - Respuesta: Éxito: Se compraron 1 unidades de Laptop
2026-03-05 13:44:48 [INFO] c.p.a.LoggingAspect - -> [@After]: Limpiando recursos o cerrando logs...
2026-03-05 13:44:48 [INFO] c.p.a.LoggingAspect - -> [@Around]: Tiempo total de ejecución: 502ms
2026-03-05 13:44:48 [INFO] c.p.a.LoggingAspect - -> [@Around]: Iniciando cronómetro...
2026-03-05 13:44:48 [INFO] c.p.a.LoggingAspect - -> [@Before]: Intentando ejecutar: comprarProducto
2026-03-05 13:44:48 [INFO] c.p.a.LoggingAspect -    Argumentos: [Smartphone, 0]
2026-03-05 13:44:48 [ERROR] c.p.a.LoggingAspect - -> [@AfterThrowing]: ✘ ERROR DETECTADO - Mensaje: La cantidad debe ser mayor a cero
2026-03-05 13:44:48 [INFO] c.p.a.LoggingAspect - -> [@After]: Limpiando recursos o cerrando logs...
2026-03-05 13:44:48 [INFO] o.s.b.d.a.ConditionEvaluationDeltaLoggingListener - Condition evaluation unchanged
2026-03-05 13:51:45 [INFO] o.s.b.d.a.LocalDevToolsAutoConfiguration$RestartingClassPathChangeChangedEventListener - Restarting due to 3 class path changes (0 additions, 3 deletions, 0 modifications)
2026-03-05 13:51:45 [INFO] o.s.b.w.e.t.GracefulShutdown - Commencing graceful shutdown. Waiting for active requests to complete
2026-03-05 13:51:45 [INFO] o.s.b.w.e.t.GracefulShutdown - Graceful shutdown complete
2026-03-05 13:51:45 [INFO] com.paradigmas.App - Starting App using Java 20.0.2 with PID 93163 (/Users/andreidiazrosario/Documents/School/Paradigmas/Aspectos/aspectos/target/classes started by andreidiazrosario in /Users/andreidiazrosario/Documents/School/Paradigmas/Aspectos/aspectos)
2026-03-05 13:51:45 [INFO] com.paradigmas.App - No active profile set, falling back to 1 default profile: "default"
2026-03-05 13:51:45 [INFO] o.s.b.w.e.t.TomcatWebServer - Tomcat initialized with port 8080 (http)
2026-03-05 13:51:45 [INFO] o.a.c.c.StandardService - Starting service [Tomcat]
2026-03-05 13:51:45 [INFO] o.a.c.c.StandardEngine - Starting Servlet engine: [Apache Tomcat/10.1.36]
2026-03-05 13:51:45 [INFO] o.a.c.c.C.[.[.[/] - Initializing Spring embedded WebApplicationContext
2026-03-05 13:51:45 [INFO] o.s.b.w.s.c.ServletWebServerApplicationContext - Root WebApplicationContext: initialization completed in 90 ms
2026-03-05 13:51:45 [INFO] o.s.b.d.a.OptionalLiveReloadServer - LiveReload server is running on port 35729
2026-03-05 13:51:45 [INFO] o.s.b.w.e.t.TomcatWebServer - Tomcat started on port 8080 (http) with context path '/'
2026-03-05 13:51:45 [INFO] com.paradigmas.App - Started App in 0.169 seconds (process running for 635.746)
2026-03-05 13:51:45 [INFO] c.p.a.LoggingAspect - -> [@Around]: Iniciando cronómetro...
2026-03-05 13:51:45 [INFO] c.p.a.LoggingAspect - -> [@Before]: Intentando ejecutar: comprarProducto
2026-03-05 13:51:45 [INFO] c.p.a.LoggingAspect -    Argumentos: [Laptop, 1]
2026-03-05 13:51:45 [INFO] c.p.a.LoggingAspect - -> [@AfterReturning]: ✔ ÉXITO - Respuesta: Éxito: Se compraron 1 unidades de Laptop
2026-03-05 13:51:45 [INFO] c.p.a.LoggingAspect - -> [@After]: Limpiando recursos o cerrando logs...
2026-03-05 13:51:45 [INFO] c.p.a.LoggingAspect - -> [@Around]: Tiempo total de ejecución: 506ms
2026-03-05 13:51:45 [INFO] c.p.a.LoggingAspect - -> [@Around]: Iniciando cronómetro...
2026-03-05 13:51:45 [INFO] c.p.a.LoggingAspect - -> [@Before]: Intentando ejecutar: comprarProducto
2026-03-05 13:51:45 [INFO] c.p.a.LoggingAspect -    Argumentos: [Smartphone, 0]
2026-03-05 13:51:46 [ERROR] c.p.a.LoggingAspect - -> [@AfterThrowing]: ✘ ERROR DETECTADO - Mensaje: La cantidad debe ser mayor a cero
2026-03-05 13:51:46 [INFO] c.p.a.LoggingAspect - -> [@After]: Limpiando recursos o cerrando logs...
2026-03-05 13:51:46 [INFO] o.s.b.d.a.ConditionEvaluationDeltaLoggingListener - Condition evaluation unchanged
